// Jest Snapshot v1, https://goo.gl/fbAQLP

exports[`renders without crashing 1`] = `
<div
  className="App"
>
  <header
    className="App-header"
  >
    <h1>
      Contact List App...
    </h1>
  </header>
  <div>
    loading
  </div>
</div>
`;
